[05-Aug-2025 19:27:13 Europe/Berlin] Register error: Insert failed for member ID 94: Commands out of sync; you can't run this command now
[05-Aug-2025 19:28:36 Europe/Berlin] Register error: Insert failed for member ID 94: Commands out of sync; you can't run this command now
[05-Aug-2025 19:29:09 Europe/Berlin] Register error: Insert failed for member ID 94: Commands out of sync; you can't run this command now
[05-Aug-2025 19:36:50 Europe/Berlin] Register error: Insert failed for member ID 94: Commands out of sync; you can't run this command now
[05-Aug-2025 19:40:15 Europe/Berlin] Register error: Insert failed for member ID 94: Commands out of sync; you can't run this command now
[05-Aug-2025 19:40:32 Europe/Berlin] Register error: Insert failed for member ID 94: Commands out of sync; you can't run this command now
[05-Aug-2025 19:41:58 Europe/Berlin] Register error: Insert failed for member ID 94: Commands out of sync; you can't run this command now
[05-Aug-2025 19:46:17 Europe/Berlin] Register error: Insert failed for member ID 94: Commands out of sync; you can't run this command now
[05-Aug-2025 19:57:25 Europe/Berlin] PHP Fatal error:  Uncaught Error: Call to a member function bind_param() on bool in C:\xamppfinal\htdocs\final_dems\dist\pages\qr_code_scanner\register_family.php:29
Stack trace:
#0 {main}
  thrown in C:\xamppfinal\htdocs\final_dems\dist\pages\qr_code_scanner\register_family.php on line 29
[05-Aug-2025 19:58:06 Europe/Berlin] PHP Fatal error:  Uncaught Error: Call to a member function bind_param() on bool in C:\xamppfinal\htdocs\final_dems\dist\pages\qr_code_scanner\register_family.php:29
Stack trace:
#0 {main}
  thrown in C:\xamppfinal\htdocs\final_dems\dist\pages\qr_code_scanner\register_family.php on line 29
[05-Aug-2025 19:59:56 Europe/Berlin] PHP Fatal error:  Uncaught Error: Call to a member function bind_param() on bool in C:\xamppfinal\htdocs\final_dems\dist\pages\qr_code_scanner\register_family.php:29
Stack trace:
#0 {main}
  thrown in C:\xamppfinal\htdocs\final_dems\dist\pages\qr_code_scanner\register_family.php on line 29
[05-Aug-2025 20:04:34 Europe/Berlin] Register error: Statement preparation failed: Unknown column 'location_name' in 'field list'
[05-Aug-2025 20:05:35 Europe/Berlin] PHP Warning:  Undefined array key "location_name" in C:\xamppfinal\htdocs\final_dems\dist\pages\qr_code_scanner\register_family.php on line 92
